
MK:weather_streamlit purohit$ python3 -m venv env_weather_streamlit
MK:weather_streamlit purohit$ source env_weather_streamlit/bin/activate

(env_weather_streamlit) MK:weather_streamlit purohit$ pip install streamlit
(env_weather_streamlit) MK:weather_streamlit purohit$ pip install plotly

(env_weather_streamlit) MK:weather_streamlit purohit$ pip freeze > requirements.txt
Created   .gitignore

git init
git add .
(env_weather_streamlit) MK:weather_streamlit purohit$ git status


Created a repo 'weather_streamlit' on GitHub ( right most + sign)  (Add .gitignore option - None)
repo url : https://github.com/mk-purohit/weather_streamlit.git

Generated a Personal Access Token on the url   https://github.com/settings/tokens
Personal Access Token for weather_streamlit repo is: (No expiration date)
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

Revised the .gitignore file and added
(env_weather_streamlit) MK:weather_streamlit purohit$ git add .gitignore

Removed virtual environment files and __pychache__ files in the folder and elsewhere from the staged area
(env_weather_streamlit) MK:weather_streamlit purohit$ git rm -r --cached env_weather_streamlit
(env_weather_streamlit) MK:weather_streamlit purohit$ git rm -r --cached __pycache__/
(env_weather_streamlit) MK:weather_streamlit purohit$ git rm -r --cached weather_data/__pycache__/

(env_weather_streamlit) MK:weather_streamlit purohit$ git commit -m 'Initial Commit'

Check the branch name on git
(env_weather_streamlit) MK:weather_streamlit purohit$ git branch
* master

(env_weather_streamlit) MK:weather_streamlit purohit$ git branch -M master
(env_weather_streamlit) MK:weather_streamlit purohit$ git remote add origin https://github.com/mk-purohit/weather_streamlit.git
(env_weather_streamlit) MK:weather_streamlit purohit$ git push -u origin master
Username for 'https://github.com': mk-purohit
Password for 'https://mk-purohit@github.com':  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


(env_weather_streamlit) MK:weather_streamlit purohit$ git status
On branch master
Your branch is up to date with 'origin/master'.

Changes made to .gitignore and requirements.txt files
(env_weather_streamlit) MK:weather_streamlit purohit$ git add .gitignore
(env_weather_streamlit) MK:weather_streamlit purohit$ git add requirements.txt

(env_weather_streamlit) MK:weather_streamlit purohit$ git status
On branch master
Your branch is up to date with 'origin/master'.

Changes to be committed:
  (use "git restore --staged <file>..." to unstage)
	modified:   .gitignore
	modified:   requirements.txt

(env_weather_streamlit) MK:weather_streamlit purohit$ git commit -m "requirements.txt and .gitignotred updated"

To update the repo on GitHub
(env_weather_streamlit) MK:weather_streamlit purohit$ git push origin master
Enumerating objects: 7, done.
Counting objects: 100% (7/7), done.
